// Jest Snapshot v1, https://goo.gl/fbAQLP

exports[`rendering tests rendering correctly 1`] = `
ShallowWrapper {
  "complexSelector": ComplexSelector {
    "buildPredicate": [Function],
    "childrenOfNode": [Function],
    "findWhereUnwrapped": [Function],
  },
  "length": 1,
  "node": <div
    className="container row"
>
    <div
        className="col-lg-12 col-md-12 col-sm-12"
    >
        <p>
             
            Hey undefined I'm your Component A
        </p>
    </div>
</div>,
  "nodes": Array [
    <div
      className="container row"
>
      <div
            className="col-lg-12 col-md-12 col-sm-12"
      >
            <p>
                   
                  Hey undefined I'm your Component A
            </p>
      </div>
</div>,
  ],
  "options": Object {},
  "renderer": ReactShallowRenderer {
    "_instance": ShallowComponentWrapper {
      "_calledComponentWillUnmount": false,
      "_compositeType": 2,
      "_context": Object {},
      "_currentElement": <ComponentA
        lastname="State 1"
/>,
      "_debugID": 1,
      "_hostContainerInfo": null,
      "_hostParent": null,
      "_instance": StatelessComponent {
        "_reactInternalInstance": [Circular],
        "context": Object {},
        "props": Object {
          "lastname": "State 1",
        },
        "refs": Object {},
        "state": null,
        "updater": Object {
          "enqueueCallback": [Function],
          "enqueueCallbackInternal": [Function],
          "enqueueElementInternal": [Function],
          "enqueueForceUpdate": [Function],
          "enqueueReplaceState": [Function],
          "enqueueSetState": [Function],
          "isMounted": [Function],
          "validateCallback": [Function],
        },
      },
      "_mountOrder": 1,
      "_pendingCallbacks": null,
      "_pendingElement": null,
      "_pendingForceUpdate": false,
      "_pendingReplaceState": false,
      "_pendingStateQueue": null,
      "_renderedComponent": NoopInternalComponent {
        "_currentElement": <div
          className="container row"
>
          <div
                    className="col-lg-12 col-md-12 col-sm-12"
          >
                    <p>
                               
                              Hey undefined I'm your Component A
                    </p>
          </div>
</div>,
        "_debugID": 2,
        "_renderedOutput": <div
          className="container row"
>
          <div
                    className="col-lg-12 col-md-12 col-sm-12"
          >
                    <p>
                               
                              Hey undefined I'm your Component A
                    </p>
          </div>
</div>,
      },
      "_renderedNodeType": 0,
      "_rootNodeID": 0,
      "_topLevelWrapper": null,
      "_updateBatchNumber": null,
      "_warnedAboutRefsInRender": false,
    },
    "getRenderOutput": [Function],
    "render": [Function],
  },
  "root": [Circular],
  "unrendered": <ComponentA
    lastname="State 1"
/>,
}
`;
